╭──────────────────────────────╮╭──────────────────────────────╮
│ open (3)                     ││ closed (0)                   │
│ ──────────────────────────── ││ ──────────────────────────── │
│ ▸ 11111111 Login broken      ││ (empty)                      │
│   22222222 Timeout on save   │╰──────────────────────────────╯
│ +1 more                      │                                
╰──────────────────────────────╯                                

arrows/hjkl: navigate · q: quit
